
Discarded input sections

 .data          0x0000000000000000        0x0 main.o
 .bss           0x0000000000000000        0x0 main.o
 .data          0x0000000000000000        0x0 startup_stm32f051r8t6.o
 .bss           0x0000000000000000        0x0 startup_stm32f051r8t6.o

Memory Configuration

Name             Origin             Length             Attributes
RAM              0x0000000020000000 0x0000000000001800 xrw
*default*        0x0000000000000000 0xffffffffffffffff

Linker script and memory map

LOAD main.o
LOAD startup_stm32f051r8t6.o
LOAD /usr/lib/gcc/arm-none-eabi/10.3.1/../../../arm-none-eabi/lib/thumb/v6-m/nofp/libc.a
LOAD /usr/lib/gcc/arm-none-eabi/10.3.1/thumb/v6-m/nofp/libgcc.a
LOAD /usr/lib/gcc/arm-none-eabi/10.3.1/../../../arm-none-eabi/lib/thumb/v6-m/nofp/libnosys.a

.isr_vector     0x0000000020000000       0x40
 *(.isr_vector)
 .isr_vector    0x0000000020000000       0x40 startup_stm32f051r8t6.o
                0x0000000020000000                vector_table

.text           0x0000000020000040       0xe0
 *(.text*)
 .text          0x0000000020000040       0xac main.o
                0x0000000020000040                main
 .text          0x00000000200000ec       0x34 startup_stm32f051r8t6.o
                0x00000000200000ec                Reset_Handler
                0x0000000020000118                DebugMon_Handler
                0x0000000020000118                HardFault_Handler
                0x0000000020000118                SysTick_Handler
                0x0000000020000118                PendSV_Handler
                0x0000000020000118                NMI_Handler
                0x0000000020000118                UsageFault_Handler
                0x0000000020000118                Default_Handler
                0x0000000020000118                MemManage_Handler
                0x0000000020000118                SVC_Handler
                0x0000000020000118                BusFault_Handler
 *(.rodata*)
                0x0000000020000120                _etext = .

.glue_7         0x0000000020000120        0x0
 .glue_7        0x0000000020000120        0x0 linker stubs

.glue_7t        0x0000000020000120        0x0
 .glue_7t       0x0000000020000120        0x0 linker stubs

.vfp11_veneer   0x0000000020000120        0x0
 .vfp11_veneer  0x0000000020000120        0x0 linker stubs

.v4_bx          0x0000000020000120        0x0
 .v4_bx         0x0000000020000120        0x0 linker stubs

.iplt           0x0000000020000120        0x0
 .iplt          0x0000000020000120        0x0 startup_stm32f051r8t6.o

.rel.dyn        0x0000000020000120        0x0
 .rel.iplt      0x0000000020000120        0x0 startup_stm32f051r8t6.o

.data           0x0000000020000120        0x0
                0x0000000020000120                _sdata = .
 *(.data*)
                0x0000000020000120                _edata = .

.igot.plt       0x0000000020000120        0x0
 .igot.plt      0x0000000020000120        0x0 startup_stm32f051r8t6.o

.bss            0x0000000020000120        0x0
                0x0000000020000120                _sbss = .
 *(.bss*)
 *(COMMON)
                0x0000000020000120                _ebss = .

.stack          0x0000000020000120        0x0
                0x0000000020000120                . = ALIGN (0x8)
                0x0000000020001800                _estack = (ORIGIN (RAM) + LENGTH (RAM))
OUTPUT(blinky.elf elf32-littlearm)
LOAD linker stubs

.debug_info     0x0000000000000000      0x17e
 .debug_info    0x0000000000000000       0x7a main.o
 .debug_info    0x000000000000007a      0x104 startup_stm32f051r8t6.o

.debug_abbrev   0x0000000000000000      0x12e
 .debug_abbrev  0x0000000000000000       0x60 main.o
 .debug_abbrev  0x0000000000000060       0xce startup_stm32f051r8t6.o

.debug_aranges  0x0000000000000000       0x40
 .debug_aranges
                0x0000000000000000       0x20 main.o
 .debug_aranges
                0x0000000000000020       0x20 startup_stm32f051r8t6.o

.debug_line     0x0000000000000000      0x118
 .debug_line    0x0000000000000000       0x74 main.o
 .debug_line    0x0000000000000074       0xa4 startup_stm32f051r8t6.o

.debug_str      0x0000000000000000      0x158
 .debug_str     0x0000000000000000       0xa8 main.o
 .debug_str     0x00000000000000a8       0xb0 startup_stm32f051r8t6.o
                                        0x180 (size before relaxing)

.comment        0x0000000000000000       0x33
 .comment       0x0000000000000000       0x33 main.o
                                         0x34 (size before relaxing)
 .comment       0x0000000000000033       0x34 startup_stm32f051r8t6.o

.ARM.attributes
                0x0000000000000000       0x2c
 .ARM.attributes
                0x0000000000000000       0x2c main.o
 .ARM.attributes
                0x000000000000002c       0x2c startup_stm32f051r8t6.o

.debug_frame    0x0000000000000000       0x7c
 .debug_frame   0x0000000000000000       0x30 main.o
 .debug_frame   0x0000000000000030       0x4c startup_stm32f051r8t6.o
